[69662.txtspy.org/index.html]
[backblue.gif]
[fade.gif]
[index.html]
[txtspy.org/wp-content/themes/cake/css/responsive9e1e-ver=1.3.2.css]
[txtspy.org/wp-content/themes/cake/css/skins/green/images9e1e.39e1e.delayed]
[txtspy.org/wp-content/themes/cake/style-colors9e1e-ver=1.3.2.css]
[txtspy.org/wp-content/themes/cake/style9e1e-2-ver=1.3.2.css]
[txtspy.org/wp-content/themes/cake/css/woocommerce9e1e-ver=1.3.2.css]
[txtspy.org/wp-includes/js/jquery/jquery-migrate.min1576-ver=1.2.1.js]
[txtspy.org/wp-content/themes/cake/css/custom9e1e-ver=1.3.2.css]
[txtspy.org/logo.png]
[txtspy.org/wp-includes/js/jquery/ui/jquery.ui.core.min2c18-ver=1.10.4.js]
[txtspy.org/wp-includes/js/jquery/ui/jquery.ui.widget.min2c18-ver=1.10.4.js]
[txtspy.org/wp-includes/js/jquery/ui/jquery.ui.mouse.min2c18-ver=1.10.4.js]
[txtspy.org/wp-includes/js/jquery/ui/jquery.ui.sortable.min2c18-ver=1.10.4.js]
[txtspy.org/wp-includes/js/jquery/ui/jquery.ui.tabs.min2c18-ver=1.10.4.js]
[txtspy.org/wp-content/themes/cake/js/owl-carousel/owl.carousel.min9e1e-ver=1.3.2.js]
[txtspy.org/wp-content/themes/cake/js/jquery.plugins9e1e-ver=1.3.2.js]
[txtspy.org/wp-content/themes/cake/js/mfn.menu9e1e-ver=1.3.2.js]
[txtspy.org/wp-content/themes/cake/js/scripts9e1e-ver=1.3.2.js]
[69662.txtspy.org/index.html]
[txtspy.org/wp-content/themes/cake/style9e1e-ver=1.3.2.css]
[txtspy.org/wp-content/themes/cake/css/ui/jquery.ui.all9e1e9e1e.css]
[txtspy.org/wp-content/themes/cake/images/menu-plus.png]
[txtspy.org/wp-content/themes/cake/css/responsive9e1e-ver=1.3.2.css]
[txtspy.org/wp-content/themes/cake/css/skins/green/images9e1e9e1e.html]
[txtspy.org/wp-content/themes/cake/style-colors9e1e-ver=1.3.2.css]
[txtspy.org/wp-content/themes/cake/style9e1e-2-ver=1.3.2.css]
[txtspy.org/wp-content/themes/cake/css/woocommerce9e1e-ver=1.3.2.css]
[txtspy.org/wp-content/themes/cake/css/custom9e1e-ver=1.3.2.css]
[txtspy.org/wp-includes/js/jquery/ui/jquery.ui.accordion.min2c18-ver=1.10.4.js]
[txtspy.org/wp-content/themes/cake/css/base.css]
[txtspy.org/wp-content/themes/cake/css/animate.min.css]
[txtspy.org/wp-includes/js/jquery/jquery90f9-ver=1.11.1.js]
[txtspy.org/wp-content/themes/cake/css/animations.css]
[txtspy.org/wp-content/themes/cake/css/buttons.css]
[txtspy.org/wp-content/themes/cake/css/fonts.css]
[txtspy.org/wp-content/themes/cake/css/isotope.css]
[txtspy.org/wp-content/themes/cake/css/grid.css]
[txtspy.org/wp-content/themes/cake/css/shortcodes.css]
[txtspy.org/wp-content/themes/cake/css/variables.css]
[txtspy.org/wp-content/themes/cake/style9e1e-ver=1.3.2.css]
[txtspy.org/wp-content/themes/cake/css/ui/jquery.ui.all9e1e9e1e.css]
[txtspy.org/wp-content/themes/cake/css/base.css]
[txtspy.org/wp-content/themes/cake/css/animate.min.css]
[txtspy.org/wp-content/themes/cake/css/animations.css]
[txtspy.org/wp-content/themes/cake/css/buttons.css]
[txtspy.org/wp-content/themes/cake/fonts/mfn-icons.css]
[txtspy.org/wp-content/themes/cake/css/fonts.css]
[txtspy.org/wp-content/themes/cake/css/isotope.css]
[txtspy.org/wp-content/themes/cake/css/grid.css]
[schatfx.com/wp-content/themes/cake/css/layout.html]
[txtspy.org/wp-content/themes/cake/images/fancy_heading_line.png]
[txtspy.org/wp-content/themes/cake/images/blockquote.png]
[txtspy.org/wp-content/themes/cake/images/blockquote_modern.png]
[txtspy.org/wp-content/themes/cake/images/timeline.png]
[txtspy.org/wp-content/themes/cake/images/ico_search.png]
[txtspy.org/wp-content/themes/cake/images/icons/list_tick.png]
[txtspy.org/wp-content/themes/cake/images/icons/list_info.png]
[txtspy.org/wp-content/themes/cake/images/icons/list_warning.png]
[txtspy.org/wp-content/themes/cake/images/icons/list_add.png]
[txtspy.org/wp-content/themes/cake/images/icons/list_minus.png]
[txtspy.org/wp-content/themes/cake/images/icons/list_arrow.png]
[txtspy.org/wp-content/themes/cake/images/icons/list_help.png]
[txtspy.org/wp-content/themes/cake/images/preloader.gif]
[txtspy.org/wp-content/themes/cake/css/shortcodes.css]
[txtspy.org/wp-content/themes/cake/images/footer.png]
[txtspy.org/wp-content/themes/cake/css/variables.css]
[txtspy.org/wp-content/themes/cake/fonts/mfn-iconsde56-36995802.ttf]
[txtspy.org/wp-content/themes/cake/fonts/mfn-iconsde56-36995802.eot]
[txtspy.org/wp-content/themes/cake/fonts/mfn-iconsde56-36995802.woff]
[txtspy.org/wp-content/themes/cake/fonts/mfn-icons.css]
[txtspy.org/wp-content/themes/cake/fonts/mfn-iconsde56-36995802.svg]
[txtspy.org/wp-content/themes/cake/fonts/mfn-iconsde56-36995802.svg]
